// Jest Snapshot v1, https://goo.gl/fbAQLP

exports[`Profile page renders correctly 1`] = `undefined`;
